PASS  competition forbids startPolling
PASS  competition forbids fetchLeaderboardDirectly
PASS  competition forbids currentFriday9AM
PASS  competition forbids postgrest["invoices"]
PASS  competition rank from get_weekly_competition RPC
PASS  competition history from RPC
PASS  competition wins from RPC
PASS  DISABLED hidden from Home
PASS  LOCKED teaser retained
PASS  ACTIVE full competition branch retained
PASS  reports week boundary is server summary
PASS  reports current week purchases retained
PASS  reports previous week purchases retained
PASS  reports current week commissions retained
PASS  reports previous week commissions retained
PASS  reports uses BigDecimal
PASS  reports uses HALF_UP trend rounding
PASS  reports has no commission eligibility implementation
PASS  reports has no calculateEligibility
PASS  reports has no raw Color literal
PASS  reports section: هذا الأسبوع
PASS  reports section: مقارنة بالأسبوع السابق
PASS  reports section: الحالة المالية
PASS  reports section: التفاصيل
PASS  reports section: منذ انضمامك
PASS  reports competition is ACTIVE-only
PASS  settings uses section editing state
PASS  settings has no global isEditing state
PASS  payout bank can clear to null
PASS  payout IBAN can clear to null
PASS  workshop ownership guarded
PASS  weekly target remains local preference
PASS  logout remains SignOutAction
PASS  IBAN field is text ASCII
PASS  IBAN is not numeric field
PASS  profile optimistic row is pending
PASS  profile update preserves Outbox
PASS  profile Outbox is idempotent
PASS  profile remote success clears stale Outbox op
PASS  architecture ownership/infrastructure/service-role scan
PASS  route retained: home
PASS  route retained: profile
PASS  route retained: balance
PASS  route retained: weekly_competition
PASS  route retained: win_weeks
PASS  route retained: weekly_commissions
PASS  route retained: competition_history
PASS  route retained: about_app
PASS  route retained: privacy_policy
PASS  route retained: faq
PASS  navigation destination retained: Home
PASS  navigation destination retained: Profile
PASS  navigation destination retained: Balance
PASS  navigation destination retained: WeeklyCompetition
PASS  navigation destination retained: InvoiceList
PASS  navigation destination retained: WinWeeks
PASS  navigation destination retained: WeeklyCommissions
PASS  navigation destination retained: CompetitionHistory
PASS  navigation destination retained: AboutApp
PASS  navigation destination retained: PrivacyPolicy
PASS  navigation destination retained: Faq
PASS  AGP unchanged
PASS  Kotlin unchanged
PASS  Gradle wrapper unchanged
PASS  compileSdk unchanged
PASS  minSdk unchanged
PASS  targetSdk unchanged

STATIC_V58: 67 passed, 0 failed
