== v58 ==
PASS  targetSdk unchanged

STATIC_V58: 67 passed, 0 failed
== fixtures60 ==
 - false-positive guards: 5
 - exception outcomes: 5
 - expected tool-error outcomes: 12
== fixtures61 ==
V61 FIXTURES: PASS (10/10)
== fixtures62 ==
V62 FIXTURES: PASS (13/13)
== fixtures64 ==
V64 FIXTURES: PASS (22/22)
== fixtures65 ==
V65 FIXTURES: PASS (34/34)
== fixtures66 ==
V66 FIXTURES: PASS (47/47)
== home61 ==
V61 HOME STATIC VERIFICATION: PASS
 - resolved baseline IDs: 20
== historical62to64 ==
HISTORICAL GATE STACK VIA V64 SHADOW V65: PASS
== hist65 ==
V65 HISTORICAL GATE V66: PASS (14 immutable evidence files + v65 verifier/fixtures/ratchet)
== v07 ==
 - RTL pattern previews: 14
 - forbidden DS dependencies/state ownership: none
 - Session 06 ownership boundaries: enforced
== v08 ==
 - historical v59 baseline: 77 confirmed findings
 - current accepted open confirmed: 0
 - Home/Reports/Settings migrated; Component adoption v64 complete; static accessibility v65 repaired; runtime BLOCKED; v66 pending
== exceptions ==
EXCEPTION VALIDATOR: PASS
 - active exceptions: 0
== v66 ==
 - Material: 6/6 resolved in analysis layer
 - production mutation: 0
 - Runtime: BLOCKED; Ratchet remains v65
== ratchet66 ==
 - new candidates: 0
 - touched production files: 0
 - primitive mapping: 50 confirmed + 12 unresolved
V66 STATIC DETERMINISM: PASS
VERIFY_V66_STATIC: PASS
