FAIL 01_room_is_15 
FAIL 02_no_room_16_migration 
PASS v68_pending_field_userId 
PASS v68_pending_field_clientId 
PASS v68_pending_field_orgId 
PASS v68_pending_field_mutationId 
PASS v68_pending_field_leaseUntil 
PASS 08_scoped_due_query 
PASS 09_scoped_finalize_delete 
PASS 10_lease_retry_separated 
PASS 11_outbox_contract_stays_v1 
PASS 12_generation_requested_preserved 
PASS 13_generation_completed_preserved 
PASS 14_completion_edge_mutex_preserved 
PASS 15_recover_before_push 
FAIL 16_push_before_pull 
PASS receipt_field_mutationId 
PASS receipt_field_commandType 
PASS receipt_field_resultStatus 
PASS receipt_field_serverEntityId 
PASS receipt_field_serverRevision 
PASS receipt_field_revisionKind 
PASS receipt_field_replayed 
PASS receipt_field_errorCode 
PASS 25_receipt_mutation_validated 
PASS 26_receipt_command_validated 
PASS 27_receipt_revision_kind_validated 
PASS 28_receipt_entity_validated 
PASS 29_unknown_receipt_rejected 
PASS 30_receipt_revision_not_written_to_cursor 
PASS rpc_autodrive_update_profile_command_v1 
PASS rpc_autodrive_request_withdrawal_command_v1 
PASS rpc_autodrive_send_chat_message_command_v1 
PASS rpc_autodrive_mark_chat_read_command_v1 
PASS rpc_autodrive_mark_notification_read_command_v1 
PASS 36_profile_direct_outbox_write_removed 
PASS 37_chat_direct_outbox_insert_removed 
PASS 38_notification_direct_outbox_update_removed 
PASS 39_withdrawal_legacy_rpc_removed_from_outbox 
PASS 40_push_register_receipted 
PASS 41_push_revoke_receipted 
PASS 42_push_direct_table_mutation_removed 
PASS 43_cancel_withdrawal_receipted 
PASS 44_cancel_legacy_rpc_removed 
PASS retry_category_TRANSIENT 
PASS retry_category_AUTH 
PASS retry_category_PERMISSION 
PASS retry_category_VALIDATION 
PASS retry_category_CONFLICT 
PASS retry_category_ALREADY_COMMITTED 
PASS retry_category_AMBIGUOUS 
PASS retry_category_PERMANENT_PROTOCOL 
PASS 53_http_401_auth 
PASS 54_http_403_permission 
PASS 55_http_409_conflict 
PASS 56_http_422_validation 
PASS 57_http_5xx_transient 
PASS 58_unknown_ambiguous 
PASS 59_no_message_contains_decision 
PASS 60_ambiguous_not_terminal_by_attempt_count 
PASS 61_server_migration_present 
PASS 62_receipt_ledger_present 
PASS 63_receipt_scope_primary_key 
PASS 64_scope_derived_from_auth 
PASS 65_server_fingerprint_sha256 
PASS 66_server_fingerprint_not_client_param 
PASS 67_advisory_duplicate_lock 
PASS 68_same_mutation_replay_path 
PASS 69_changed_payload_conflict 
PASS 70_receipt_revision_kind 
PASS 71_receipt_revision_not_global_cursor_comment 
PASS 72_no_raw_payload_column 
PASS 73_receipt_table_rls_enabled 
PASS 74_receipt_table_no_authenticated_grant 
PASS 75_receipt_retention_safe_default 
PASS 76_profile_rpc_server 
PASS 77_withdrawal_rpc_server 
PASS 78_withdrawal_no_error_text_parsing 
PASS 79_chat_send_rpc_server 
PASS 80_chat_changed_payload_guard 
PASS 81_chat_read_rpc_server 
PASS 82_notification_read_rpc_server 
PASS 83_push_register_rpc_server 
PASS 84_push_revoke_rpc_server 
PASS 85_cancel_rpc_server 
PASS 86_receipt_lookup_private_rpc 
PASS 87_no_dynamic_sql_router 
PASS 88_no_service_role_android 
PASS 89_exactly_one_new_v69_server_migration 
PASS 90_no_v69_room_migration_file 
PASS 91_ui_drift_zero 
PASS 92_historical_migration_mutation_zero 
PASS 93_no_new_waiver_marker 
SUMMARY 90/93 PASS
