{
  "completedGenerationPresent": true,
  "completionRaceVerified": true,
  "cursorAdvanceOutsideTransactionCount": 0,
  "cursorClockAuthorityCount": 1,
  "cursorOpaque": true,
  "deleteByAbsenceCount": 0,
  "deletionFeedFailClosedBoundaryWired": false,
  "deletionFeedProductionWired": false,
  "ephemeralCursorAuthorityCount": 0,
  "finalVerdict": "BLOCKED_SERVER_TOMBSTONE_CONTRACT",
  "generationDrainVerified": true,
  "handoff68Authorized": false,
  "hintDuringPullVerified": true,
  "hintDuringPushVerified": true,
  "historicalMigrationMutationCount": 0,
  "modelFixtureCount": 22,
  "modelFixturePassedCount": 22,
  "newV67WaiverCount": 0,
  "notificationReadProtectionVerified": false,
  "pendingProfileProtectionVerified": true,
  "pendingWithdrawalReconciliationVerified": false,
  "pipelineOrderVerified": false,
  "planSha256": "7442530be1c861e2a52d90211eea26d1df51a80f7d6e5ceac7df8fd049c73b8a",
  "pushBeforePullVerified": false,
  "recoverBeforePushVerified": false,
  "requestedGenerationPresent": true,
  "roomSchema14Generated": false,
  "roomVersionAfter": 14,
  "roomVersionBefore": 13,
  "runtimeStatus": "BLOCKED_ENVIRONMENT_NETWORK_BOOTSTRAP \u2014 UnknownHostException: services.gradle.org",
  "scopeIsolationVerified": true,
  "scopeRecheckBeforeCommitVerified": true,
  "serverCursorSemanticsVerified": false,
  "serverRuntimeStatus": "NOT_RUN_SERVER_CONTRACT_UNAVAILABLE",
  "serverTombstoneContractVerified": false,
  "serverTombstoneSource": "NOT_PRESENT_IN_AUTODRIVE_V66_SOURCE",
  "sourceInventory": {
    "productionFilesTouched": [
      "./core/database/src/main/kotlin/com/autodrive/app/core/database/AutoDriveDatabase.kt",
      "./core/database/src/main/kotlin/com/autodrive/app/core/database/dao/AutoDriveUserDao.kt",
      "./core/database/src/main/kotlin/com/autodrive/app/core/database/dao/BalanceTransactionDao.kt",
      "./core/database/src/main/kotlin/com/autodrive/app/core/database/dao/ChatMediaTransferDao.kt",
      "./core/database/src/main/kotlin/com/autodrive/app/core/database/dao/ChatMessageDao.kt",
      "./core/database/src/main/kotlin/com/autodrive/app/core/database/dao/ChatRecoveryCheckpointDao.kt",
      "./core/database/src/main/kotlin/com/autodrive/app/core/database/dao/CommissionPaymentDao.kt",
      "./core/database/src/main/kotlin/com/autodrive/app/core/database/dao/ConversationDao.kt",
      "./core/database/src/main/kotlin/com/autodrive/app/core/database/dao/InvoiceDao.kt",
      "./core/database/src/main/kotlin/com/autodrive/app/core/database/dao/NotificationDao.kt",
      "./core/database/src/main/kotlin/com/autodrive/app/core/database/dao/PaymentDao.kt",
      "./core/database/src/main/kotlin/com/autodrive/app/core/database/dao/PendingOperationDao.kt",
      "./core/database/src/main/kotlin/com/autodrive/app/core/database/dao/SyncBootstrapDao.kt",
      "./core/database/src/main/kotlin/com/autodrive/app/core/database/dao/SyncCursorDao.kt",
      "./core/database/src/main/kotlin/com/autodrive/app/core/database/dao/SyncInboxDao.kt",
      "./core/database/src/main/kotlin/com/autodrive/app/core/database/dao/SyncObservabilityDao.kt",
      "./core/database/src/main/kotlin/com/autodrive/app/core/database/dao/WithdrawalRequestDao.kt",
      "./core/database/src/main/kotlin/com/autodrive/app/core/database/entities/ChatSyncEntities.kt",
      "./core/database/src/main/kotlin/com/autodrive/app/core/database/entities/Entities.kt",
      "./core/database/src/main/kotlin/com/autodrive/app/core/database/entities/SyncBootstrapEntities.kt",
      "./core/database/src/main/kotlin/com/autodrive/app/core/database/entities/SyncCursorEntity.kt",
      "./core/database/src/main/kotlin/com/autodrive/app/core/database/entities/SyncInboxEntity.kt",
      "./core/database/src/main/kotlin/com/autodrive/app/core/database/entities/SyncObservabilityStateEntity.kt",
      "./core/network/src/main/kotlin/com/autodrive/app/core/network/dto/chat/ChatDtos.kt",
      "./core/observability/src/main/kotlin/com/autodrive/app/core/observability/AppLogger.kt",
      "./core/observability/src/main/kotlin/com/autodrive/app/core/observability/DiagnosticEvent.kt",
      "./core/observability/src/main/kotlin/com/autodrive/app/core/observability/FirebaseCrashlyticsReporter.kt",
      "./core/observability/src/main/kotlin/com/autodrive/app/core/observability/SensitiveDataRedactor.kt",
      "./core/platform/src/main/kotlin/com/autodrive/app/core/platform/notifications/PushTokenRepository.kt",
      "./core/sync/src/main/kotlin/com/autodrive/app/core/sync/data/AntiEntropyReconciler.kt",
      "./core/sync/src/main/kotlin/com/autodrive/app/core/sync/data/CanonicalProjectionDigester.kt",
      "./core/sync/src/main/kotlin/com/autodrive/app/core/sync/data/ChangeEventApplier.kt",
      "./core/sync/src/main/kotlin/com/autodrive/app/core/sync/data/ChatRecoverySynchronizer.kt",
      "./core/sync/src/main/kotlin/com/autodrive/app/core/sync/data/DefaultSyncCoordinator.kt",
      "./core/sync/src/main/kotlin/com/autodrive/app/core/sync/data/DeletionSynchronizer.kt",
      "./core/sync/src/main/kotlin/com/autodrive/app/core/sync/data/LegacyRemotePuller.kt",
      "./core/sync/src/main/kotlin/com/autodrive/app/core/sync/data/LocalDataCleaner.kt",
      "./core/sync/src/main/kotlin/com/autodrive/app/core/sync/data/OutboxSynchronizer.kt",
      "./core/sync/src/main/kotlin/com/autodrive/app/core/sync/data/PendingLocalMutationGuard.kt",
      "./core/sync/src/main/kotlin/com/autodrive/app/core/sync/data/RemoteSyncSemantics.kt",
      "./core/sync/src/main/kotlin/com/autodrive/app/core/sync/data/SafeBootstrapSynchronizer.kt",
      "./core/sync/src/main/kotlin/com/autodrive/app/core/sync/data/SyncEngine.kt",
      "./core/sync/src/main/kotlin/com/autodrive/app/core/sync/data/SyncEntityMappers.kt",
      "./core/sync/src/main/kotlin/com/autodrive/app/core/sync/data/SyncManager.kt",
      "./core/sync/src/main/kotlin/com/autodrive/app/core/sync/data/SyncScope.kt",
      "./core/sync/src/main/kotlin/com/autodrive/app/core/sync/data/UnifiedChangeSynchronizer.kt",
      "./core/sync/src/main/kotlin/com/autodrive/app/core/sync/data/UnifiedSyncProtocol.kt",
      "./core/sync/src/main/kotlin/com/autodrive/app/core/sync/di/DeletionFeedModule.kt",
      "./core/sync/src/main/kotlin/com/autodrive/app/core/sync/di/SyncFaultModule.kt",
      "./core/sync/src/main/kotlin/com/autodrive/app/core/sync/di/UnifiedSyncModule.kt",
      "./core/sync/src/main/kotlin/com/autodrive/app/core/sync/diagnostics/SyncDiagnostics.kt",
      "./core/sync/src/main/kotlin/com/autodrive/app/core/sync/diagnostics/SyncHealthSnapshot.kt",
      "./core/sync/src/main/kotlin/com/autodrive/app/core/sync/diagnostics/SyncObservabilityStore.kt",
      "./core/sync/src/main/kotlin/com/autodrive/app/core/sync/diagnostics/SyncRunContext.kt",
      "./core/sync/src/main/kotlin/com/autodrive/app/core/sync/domain/RealtimeConnectionObserver.kt",
      "./core/sync/src/main/kotlin/com/autodrive/app/core/sync/domain/SyncCoordinator.kt",
      "./core/sync/src/main/kotlin/com/autodrive/app/core/sync/fault/SyncFaultInjector.kt",
      "./core/sync/src/main/kotlin/com/autodrive/app/core/sync/outbox/IdempotentServerCommandGateway.kt",
      "./core/sync/src/main/kotlin/com/autodrive/app/core/sync/outbox/OutboxContracts.kt",
      "./core/sync/src/main/kotlin/com/autodrive/app/core/sync/outbox/OutboxRetryPolicy.kt",
      "./core/sync/src/main/kotlin/com/autodrive/app/core/sync/outbox/PendingOperationProcessor.kt",
      "./core/sync/src/main/kotlin/com/autodrive/app/core/sync/realtime/RealtimeHintDispatcher.kt",
      "./core/sync/src/main/kotlin/com/autodrive/app/core/sync/realtime/RealtimeManager.kt",
      "./core/sync/src/main/kotlin/com/autodrive/app/core/sync/realtime/RealtimeParticipant.kt",
      "./feature/auth/src/main/kotlin/com/autodrive/app/feature/auth/data/AuthRepositoryImpl.kt",
      "./feature/balance/src/main/kotlin/com/autodrive/app/feature/balance/data/BalanceRepositoryImpl.kt",
      "./feature/balance/src/main/kotlin/com/autodrive/app/feature/balance/data/realtime/BalanceRealtimeParticipant.kt",
      "./feature/chat/src/main/kotlin/com/autodrive/app/feature/chat/data/ChatMediaManager.kt",
      "./feature/chat/src/main/kotlin/com/autodrive/app/feature/chat/data/ChatMediaTransferProcessor.kt",
      "./feature/chat/src/main/kotlin/com/autodrive/app/feature/chat/data/ChatRepositoryImpl.kt",
      "./feature/chat/src/main/kotlin/com/autodrive/app/feature/chat/data/realtime/ChatRealtimeParticipant.kt",
      "./feature/chat/src/main/kotlin/com/autodrive/app/feature/chat/data/worker/ChatMediaTransferScheduler.kt",
      "./feature/chat/src/main/kotlin/com/autodrive/app/feature/chat/data/worker/RetryFailedMessagesWorker.kt",
      "./feature/commission/src/main/kotlin/com/autodrive/app/feature/commission/data/CommissionEntityMappers.kt",
      "./feature/commission/src/main/kotlin/com/autodrive/app/feature/commission/data/realtime/BillingRealtimeParticipant.kt",
      "./feature/notifications/src/main/kotlin/com/autodrive/app/feature/notifications/data/NotificationRepositoryImpl.kt",
      "./feature/notifications/src/main/kotlin/com/autodrive/app/feature/notifications/data/realtime/NotificationsRealtimeParticipant.kt",
      "./feature/profile/src/main/kotlin/com/autodrive/app/feature/profile/data/ProfileRepositoryImpl.kt"
    ],
    "productionFilesTouchedCount": 78,
    "productionUiFilesChanged": [],
    "productionUiFilesChangedCount": 0,
    "serverMigrationsAddedCount": 3,
    "testsTouched": [
      "./app/src/androidTest/kotlin/com/autodrive/app/core/database/DatabaseMigrationTest.kt",
      "./app/src/test/kotlin/com/autodrive/app/architecture/ChatSyncV71ArchitectureTest.kt",
      "./app/src/test/kotlin/com/autodrive/app/architecture/FinalClosureV58ContractTest.kt",
      "./app/src/test/kotlin/com/autodrive/app/architecture/MoneyArchitectureTest.kt",
      "./app/src/test/kotlin/com/autodrive/app/architecture/OutboxArchitectureTest.kt",
      "./app/src/test/kotlin/com/autodrive/app/architecture/RealtimeArchitectureTest.kt",
      "./app/src/test/kotlin/com/autodrive/app/architecture/RoomPerformanceArchitectureTest.kt",
      "./app/src/test/kotlin/com/autodrive/app/architecture/SessionIsolationArchitectureTest.kt",
      "./app/src/test/kotlin/com/autodrive/app/core/observability/SensitiveDataRedactorTest.kt",
      "./app/src/test/kotlin/com/autodrive/app/core/sync/data/DefaultSyncCoordinatorTest.kt",
      "./app/src/test/kotlin/com/autodrive/app/core/sync/fault/SyncFaultInjectorTest.kt",
      "./app/src/test/kotlin/com/autodrive/app/core/sync/outbox/OutboxRetryPolicyTest.kt",
      "./app/src/test/kotlin/com/autodrive/app/core/sync/outbox/PendingOperationProcessorTest.kt",
      "./app/src/test/kotlin/com/autodrive/app/feature/chat/data/ChatRepositoryImplTest.kt",
      "./app/src/test/kotlin/com/autodrive/app/feature/notifications/data/NotificationRepositoryImplTest.kt"
    ],
    "testsTouchedCount": 15,
    "unexpectedProductionFiles": [
      "./core/observability/src/main/kotlin/com/autodrive/app/core/observability/AppLogger.kt",
      "./core/observability/src/main/kotlin/com/autodrive/app/core/observability/DiagnosticEvent.kt",
      "./core/observability/src/main/kotlin/com/autodrive/app/core/observability/FirebaseCrashlyticsReporter.kt",
      "./core/observability/src/main/kotlin/com/autodrive/app/core/observability/SensitiveDataRedactor.kt",
      "./core/platform/src/main/kotlin/com/autodrive/app/core/platform/notifications/PushTokenRepository.kt",
      "./feature/auth/src/main/kotlin/com/autodrive/app/feature/auth/data/AuthRepositoryImpl.kt",
      "./feature/chat/src/main/kotlin/com/autodrive/app/feature/chat/data/ChatMediaManager.kt",
      "./feature/chat/src/main/kotlin/com/autodrive/app/feature/chat/data/ChatMediaTransferProcessor.kt",
      "./feature/chat/src/main/kotlin/com/autodrive/app/feature/chat/data/ChatRepositoryImpl.kt",
      "./feature/chat/src/main/kotlin/com/autodrive/app/feature/chat/data/realtime/ChatRealtimeParticipant.kt",
      "./feature/chat/src/main/kotlin/com/autodrive/app/feature/chat/data/worker/ChatMediaTransferScheduler.kt",
      "./feature/chat/src/main/kotlin/com/autodrive/app/feature/chat/data/worker/RetryFailedMessagesWorker.kt",
      "./feature/commission/src/main/kotlin/com/autodrive/app/feature/commission/data/CommissionEntityMappers.kt",
      "./feature/commission/src/main/kotlin/com/autodrive/app/feature/commission/data/realtime/BillingRealtimeParticipant.kt"
    ],
    "unexpectedProductionMutationCount": 14
  },
  "sourceSha256": "d61fb5c0c44e7b5eb2341589faedc3dd6f3fe3e2aad7e6639d734663c35fa9e8",
  "staticChecks": {
    "atomicApply": true,
    "cursorCompositeScope": true,
    "cursorDaoFullyScoped": true,
    "cursorEntityRegistered": true,
    "generationEdgeLock": true,
    "generationFields": true,
    "migration13To14": true,
    "modelFixtures": true,
    "noDestructiveMigration": true,
    "noDynamicDelete": true,
    "noEphemeralCheckpoint": true,
    "notificationReadGuard": false,
    "opaqueCursor": true,
    "profilePendingGuard": true,
    "pushBeforePull": false,
    "roomVersion14": false,
    "scopeRecheckBeforeCommit": true,
    "tombstoneAfterPositivePull": false,
    "withdrawalReconciliation": false
  },
  "staticGatesPassed": false,
  "supportedDeletionEntityCount": 10,
  "syncCursorScopeFields": [
    "userId",
    "clientId",
    "orgId",
    "stream"
  ],
  "syncCursorTablePresent": true,
  "unsupportedDynamicDeleteCount": 0
}
